// Jest Snapshot v1, https://goo.gl/fbAQLP

exports[`<ProfilePicture/> ProfilePicture Snapshot 1`] = `
<img
  className="image image__isOffline undefined"
/>
`;
