// Jest Snapshot v1, https://goo.gl/fbAQLP

exports[`Test for the component Modal :D Visual tests for the component should the comopnent have the same tree 1`] = `
<div
  className="modal"
>
  <div
    className="modal__title"
  >
    <h2>
      Title of Modal
    </h2>
  </div>
  <div
    className="modal__content"
  />
  <div
    className="modal__action"
  >
    <button
      className="button-actionCA undefined"
      style={
        Object {
          "backgroundColor": " hsl(152,59%,94%)",
          "color": " hsla(240,27%,12%,.6)",
        }
      }
      type="button"
    >
      <svg
        fill="currentColor"
        height="1em"
        stroke="currentColor"
        strokeWidth="0"
        style={
          Object {
            "color": undefined,
          }
        }
        viewBox="0 0 24 24"
        width="1em"
        xmlns="http://www.w3.org/2000/svg"
      >
        <path
          d="M19 6.41L17.59 5 12 10.59 6.41 5 5 6.41 10.59 12 5 17.59 6.41 19 12 13.41 17.59 19 19 17.59 13.41 12z"
        />
      </svg>
    </button>
  </div>
</div>
`;
