// Jest Snapshot v1, https://goo.gl/fbAQLP

exports[`Tests for ProfileWorkerCard components Visual tests for the SelectCategoires component should the component have the same JSON tree 1`] = `[Function]`;
