// Jest Snapshot v1, https://goo.gl/fbAQLP

exports[`Button Snapshot Comprobar la UI del componente Button 1`] = `
<div
  className="GeneralInformation__container"
>
  <h3
    className="GeneralInformation__title"
  >
    General Information
  </h3>
  <hr />
  <div
    className="GeneralInformation__item"
  >
    <figure>
      <svg
        className="item--icon"
        fill="currentColor"
        height="1em"
        stroke="currentColor"
        strokeWidth="0"
        style={
          Object {
            "color": undefined,
          }
        }
        viewBox="0 0 24 24"
        width="1em"
        xmlns="http://www.w3.org/2000/svg"
      >
        <path
          d="M12 12c2.21 0 4-1.79 4-4s-1.79-4-4-4-4 1.79-4 4 1.79 4 4 4zm0 2c-2.67 0-8 1.34-8 4v2h16v-2c0-2.66-5.33-4-8-4z"
        />
      </svg>
    </figure>
    <p
      className="item--text"
    />
  </div>
  <div
    className="GeneralInformation__item"
  >
    <figure>
      <svg
        className="item--icon"
        fill="currentColor"
        height="1em"
        stroke="currentColor"
        strokeWidth="0"
        style={
          Object {
            "color": undefined,
          }
        }
        viewBox="0 0 24 24"
        width="1em"
        xmlns="http://www.w3.org/2000/svg"
      >
        <path
          d="M16 11c1.66 0 2.99-1.34 2.99-3S17.66 5 16 5c-1.66 0-3 1.34-3 3s1.34 3 3 3zm-8 0c1.66 0 2.99-1.34 2.99-3S9.66 5 8 5C6.34 5 5 6.34 5 8s1.34 3 3 3zm0 2c-2.33 0-7 1.17-7 3.5V19h14v-2.5c0-2.33-4.67-3.5-7-3.5zm8 0c-.29 0-.62.02-.97.05 1.16.84 1.97 1.97 1.97 3.45V19h6v-2.5c0-2.33-4.67-3.5-7-3.5z"
        />
      </svg>
    </figure>
    <p
      className="item--text"
    >
       Followers
    </p>
  </div>
  <div
    className="GeneralInformation__item"
  >
    <figure>
      <svg
        className="item--icon"
        fill="currentColor"
        height="1em"
        stroke="currentColor"
        strokeWidth="0"
        style={
          Object {
            "color": undefined,
          }
        }
        viewBox="0 0 24 24"
        width="1em"
        xmlns="http://www.w3.org/2000/svg"
      >
        <path
          d="M10 20v-6h4v6h5v-8h3L12 3 2 12h3v8z"
        />
      </svg>
    </figure>
    <p
      className="item--text"
    />
  </div>
</div>
`;

exports[`Button Snapshot Comprobar la UI del componente GeneralInformation 1`] = `
<div
  className="GeneralInformation__container"
>
  <h3
    className="GeneralInformation__title"
  >
    General Information
  </h3>
  <hr />
  <div
    className="GeneralInformation__item"
  >
    <figure>
      <svg
        className="item--icon"
        fill="currentColor"
        height="1em"
        stroke="currentColor"
        strokeWidth="0"
        style={
          Object {
            "color": undefined,
          }
        }
        viewBox="0 0 24 24"
        width="1em"
        xmlns="http://www.w3.org/2000/svg"
      >
        <path
          d="M12 12c2.21 0 4-1.79 4-4s-1.79-4-4-4-4 1.79-4 4 1.79 4 4 4zm0 2c-2.67 0-8 1.34-8 4v2h16v-2c0-2.66-5.33-4-8-4z"
        />
      </svg>
    </figure>
    <p
      className="item--text"
    />
  </div>
  <div
    className="GeneralInformation__item"
  >
    <figure>
      <svg
        className="item--icon"
        fill="currentColor"
        height="1em"
        stroke="currentColor"
        strokeWidth="0"
        style={
          Object {
            "color": undefined,
          }
        }
        viewBox="0 0 24 24"
        width="1em"
        xmlns="http://www.w3.org/2000/svg"
      >
        <path
          d="M16 11c1.66 0 2.99-1.34 2.99-3S17.66 5 16 5c-1.66 0-3 1.34-3 3s1.34 3 3 3zm-8 0c1.66 0 2.99-1.34 2.99-3S9.66 5 8 5C6.34 5 5 6.34 5 8s1.34 3 3 3zm0 2c-2.33 0-7 1.17-7 3.5V19h14v-2.5c0-2.33-4.67-3.5-7-3.5zm8 0c-.29 0-.62.02-.97.05 1.16.84 1.97 1.97 1.97 3.45V19h6v-2.5c0-2.33-4.67-3.5-7-3.5z"
        />
      </svg>
    </figure>
    <p
      className="item--text"
    >
       Followers
    </p>
  </div>
  <div
    className="GeneralInformation__item"
  >
    <figure>
      <svg
        className="item--icon"
        fill="currentColor"
        height="1em"
        stroke="currentColor"
        strokeWidth="0"
        style={
          Object {
            "color": undefined,
          }
        }
        viewBox="0 0 24 24"
        width="1em"
        xmlns="http://www.w3.org/2000/svg"
      >
        <path
          d="M10 20v-6h4v6h5v-8h3L12 3 2 12h3v8z"
        />
      </svg>
    </figure>
    <p
      className="item--text"
    />
  </div>
</div>
`;
