// Jest Snapshot v1, https://goo.gl/fbAQLP

exports[`Profile Problems Items Snapshot Comprobar la UI del componente ProfileProblemsItems 1`] = `
<div
  className="ProfileProblems__item"
>
  <svg
    className="ProfileProblems__item--icon"
    fill="currentColor"
    height="1em"
    stroke="currentColor"
    strokeWidth="0"
    style={
      Object {
        "color": undefined,
      }
    }
    viewBox="0 0 24 24"
    width="1em"
    xmlns="http://www.w3.org/2000/svg"
  >
    <path
      d="M11 15h2v2h-2zm0-8h2v6h-2zm.99-5C6.47 2 2 6.48 2 12s4.47 10 9.99 10C17.52 22 22 17.52 22 12S17.52 2 11.99 2zM12 20c-4.42 0-8-3.58-8-8s3.58-8 8-8 8 3.58 8 8-3.58 8-8 8z"
    />
  </svg>
  <p
    className="ProfileProblems__id"
  >
    #
  </p>
</div>
`;
