// Jest Snapshot v1, https://goo.gl/fbAQLP

exports[`headerProfileMenu Snapshot Comprobar la UI del componente HeaderProfileMenu 1`] = `
<div>
  <img
    className="HeaderProfileMenu--profileImg"
    onClick={[Function]}
  />
</div>
`;
